// Jest Snapshot v1, https://goo.gl/fbAQLP

exports[`prepareGitMove Should run and match the snapshot 1`] = `
Map {
  "new" => Array [
    Array [
      "dist/bundle.d.ts",
      "src/bundle.d.ts",
    ],
    Array [
      "dist/cjs/index.cjs",
      "src/cjs/index.cjs",
    ],
    Array [
      "dist/esm/index.mjs",
      "src/esm/index.mjs",
    ],
    Array [
      "dist/index.d.ts",
      "src/index.d.ts",
    ],
    Array [
      "dist/index.js",
      "src/index.js",
    ],
    Array [
      "dist/mapping.d.ts",
      "src/mapping.d.ts",
    ],
    Array [
      "dist/mapping.js",
      "src/mapping.js",
    ],
  ],
}
`;

exports[`simple git Should render and match the snapshot 1`] = `
Map {
  "new" => Array [
    Array [
      "dist/bundle.d.ts",
      "src/bundle.d.ts",
    ],
    Array [
      "dist/cjs/index.cjs",
      "src/cjs/index.cjs",
    ],
    Array [
      "dist/esm/index.mjs",
      "src/esm/index.mjs",
    ],
    Array [
      "dist/index.d.ts",
      "src/index.d.ts",
    ],
    Array [
      "dist/index.js",
      "src/index.js",
    ],
    Array [
      "dist/mapping.d.ts",
      "src/mapping.d.ts",
    ],
    Array [
      "dist/mapping.js",
      "src/mapping.js",
    ],
  ],
}
`;

exports[`simple git Should run and match the snapshot 1`] = `
Map {
  "new" => Array [
    Array [
      "dist/bundle.d.ts",
      "src/bundle.d.ts",
    ],
    Array [
      "dist/cjs/index.cjs",
      "src/cjs/index.cjs",
    ],
    Array [
      "dist/esm/index.mjs",
      "src/esm/index.mjs",
    ],
    Array [
      "dist/index.d.ts",
      "src/index.d.ts",
    ],
    Array [
      "dist/index.js",
      "src/index.js",
    ],
    Array [
      "dist/mapping.d.ts",
      "src/mapping.d.ts",
    ],
    Array [
      "dist/mapping.js",
      "src/mapping.js",
    ],
  ],
}
`;
