// Jest Snapshot v1, https://goo.gl/fbAQLP

exports[`tsMorphSplitPackages basic tests test loading simpleMadgeTestData 1`] = `
PackageMapping {
  "config": Config {
    "BranchPrefix": "split/",
    "OldPatterns": Map {
      "lib/mapping" => Object {
        "Package": "new",
        "Path": "lib/package/new/mapping",
        "Repo": "new",
      },
      "lib/__tests__/test_" => Object {
        "Package": "test_fixtures",
        "Path": "lib/package/test_fixtures/__tests__/test_",
        "Repo": "test_fixtures",
      },
      "lib" => Object {
        "Order": 10,
        "Package": "N/A",
        "Path": "lib",
        "Repo": "ts-morph-split-packages",
      },
    },
  },
  "depMap": Array [
    Object {
      "Name": MapResult {
        "New": Location {
          "Order": 10,
          "Package": "N/A",
          "Path": "lib/__tests__/complexRepo.test.ts",
          "Repo": "ts-morph-split-packages",
          "toString": [Function],
        },
        "OldName": "lib/__tests__/complexRepo.test.ts",
        "isMapped": [Function],
        "isUnmapped": [Function],
        "toString": [Function],
      },
      "dependencyMap": Array [
        MapResult {
          "New": Location {
            "Order": 10,
            "Package": "N/A",
            "Path": "lib/index.ts",
            "Repo": "ts-morph-split-packages",
            "toString": [Function],
          },
          "OldName": "lib/index.ts",
          "isMapped": [Function],
          "isUnmapped": [Function],
          "toString": [Function],
        },
      ],
    },
    Object {
      "Name": MapResult {
        "New": Location {
          "Order": 10,
          "Package": "N/A",
          "Path": "lib/__tests__/git.test.ts",
          "Repo": "ts-morph-split-packages",
          "toString": [Function],
        },
        "OldName": "lib/__tests__/git.test.ts",
        "isMapped": [Function],
        "isUnmapped": [Function],
        "toString": [Function],
      },
      "dependencyMap": Array [
        MapResult {
          "New": Location {
            "Order": 0,
            "Package": "test_fixtures",
            "Path": "lib/package/test_fixtures/__tests__/test_fixtures.ts",
            "Repo": "test_fixtures",
            "toString": [Function],
          },
          "OldName": "lib/__tests__/test_fixtures.ts",
          "isMapped": [Function],
          "isUnmapped": [Function],
          "toString": [Function],
        },
        MapResult {
          "New": Location {
            "Order": 10,
            "Package": "N/A",
            "Path": "lib/git.ts",
            "Repo": "ts-morph-split-packages",
            "toString": [Function],
          },
          "OldName": "lib/git.ts",
          "isMapped": [Function],
          "isUnmapped": [Function],
          "toString": [Function],
        },
        MapResult {
          "New": Location {
            "Order": 0,
            "Package": "new",
            "Path": "lib/package/new/mapping.ts",
            "Repo": "new",
            "toString": [Function],
          },
          "OldName": "lib/mapping.ts",
          "isMapped": [Function],
          "isUnmapped": [Function],
          "toString": [Function],
        },
      ],
    },
    Object {
      "Name": MapResult {
        "New": Location {
          "Order": 10,
          "Package": "N/A",
          "Path": "lib/__tests__/morph.test.ts",
          "Repo": "ts-morph-split-packages",
          "toString": [Function],
        },
        "OldName": "lib/__tests__/morph.test.ts",
        "isMapped": [Function],
        "isUnmapped": [Function],
        "toString": [Function],
      },
      "dependencyMap": Array [
        MapResult {
          "New": Location {
            "Order": 0,
            "Package": "test_fixtures",
            "Path": "lib/package/test_fixtures/__tests__/test_fixtures.ts",
            "Repo": "test_fixtures",
            "toString": [Function],
          },
          "OldName": "lib/__tests__/test_fixtures.ts",
          "isMapped": [Function],
          "isUnmapped": [Function],
          "toString": [Function],
        },
        MapResult {
          "New": Location {
            "Order": 0,
            "Package": "new",
            "Path": "lib/package/new/mapping.ts",
            "Repo": "new",
            "toString": [Function],
          },
          "OldName": "lib/mapping.ts",
          "isMapped": [Function],
          "isUnmapped": [Function],
          "toString": [Function],
        },
        MapResult {
          "New": Location {
            "Order": 10,
            "Package": "N/A",
            "Path": "lib/morph.ts",
            "Repo": "ts-morph-split-packages",
            "toString": [Function],
          },
          "OldName": "lib/morph.ts",
          "isMapped": [Function],
          "isUnmapped": [Function],
          "toString": [Function],
        },
      ],
    },
    Object {
      "Name": MapResult {
        "New": Location {
          "Order": 0,
          "Package": "test_fixtures",
          "Path": "lib/package/test_fixtures/__tests__/test_fixtures.ts",
          "Repo": "test_fixtures",
          "toString": [Function],
        },
        "OldName": "lib/__tests__/test_fixtures.ts",
        "isMapped": [Function],
        "isUnmapped": [Function],
        "toString": [Function],
      },
      "dependencyMap": Array [],
    },
    Object {
      "Name": MapResult {
        "New": Location {
          "Order": 10,
          "Package": "N/A",
          "Path": "lib/__tests__/tsMorphSplitPackages.test.ts",
          "Repo": "ts-morph-split-packages",
          "toString": [Function],
        },
        "OldName": "lib/__tests__/tsMorphSplitPackages.test.ts",
        "isMapped": [Function],
        "isUnmapped": [Function],
        "toString": [Function],
      },
      "dependencyMap": Array [
        MapResult {
          "New": Location {
            "Order": 0,
            "Package": "test_fixtures",
            "Path": "lib/package/test_fixtures/__tests__/test_fixtures.ts",
            "Repo": "test_fixtures",
            "toString": [Function],
          },
          "OldName": "lib/__tests__/test_fixtures.ts",
          "isMapped": [Function],
          "isUnmapped": [Function],
          "toString": [Function],
        },
      ],
    },
    Object {
      "Name": MapResult {
        "New": Location {
          "Order": 10,
          "Package": "N/A",
          "Path": "lib/git.ts",
          "Repo": "ts-morph-split-packages",
          "toString": [Function],
        },
        "OldName": "lib/git.ts",
        "isMapped": [Function],
        "isUnmapped": [Function],
        "toString": [Function],
      },
      "dependencyMap": Array [
        MapResult {
          "New": Location {
            "Order": 0,
            "Package": "new",
            "Path": "lib/package/new/mapping.ts",
            "Repo": "new",
            "toString": [Function],
          },
          "OldName": "lib/mapping.ts",
          "isMapped": [Function],
          "isUnmapped": [Function],
          "toString": [Function],
        },
      ],
    },
    Object {
      "Name": MapResult {
        "New": Location {
          "Order": 10,
          "Package": "N/A",
          "Path": "lib/index.ts",
          "Repo": "ts-morph-split-packages",
          "toString": [Function],
        },
        "OldName": "lib/index.ts",
        "isMapped": [Function],
        "isUnmapped": [Function],
        "toString": [Function],
      },
      "dependencyMap": Array [
        MapResult {
          "New": Location {
            "Order": 10,
            "Package": "N/A",
            "Path": "lib/git.ts",
            "Repo": "ts-morph-split-packages",
            "toString": [Function],
          },
          "OldName": "lib/git.ts",
          "isMapped": [Function],
          "isUnmapped": [Function],
          "toString": [Function],
        },
        MapResult {
          "New": Location {
            "Order": 0,
            "Package": "new",
            "Path": "lib/package/new/mapping.ts",
            "Repo": "new",
            "toString": [Function],
          },
          "OldName": "lib/mapping.ts",
          "isMapped": [Function],
          "isUnmapped": [Function],
          "toString": [Function],
        },
        MapResult {
          "New": Location {
            "Order": 10,
            "Package": "N/A",
            "Path": "lib/morph.ts",
            "Repo": "ts-morph-split-packages",
            "toString": [Function],
          },
          "OldName": "lib/morph.ts",
          "isMapped": [Function],
          "isUnmapped": [Function],
          "toString": [Function],
        },
      ],
    },
    Object {
      "Name": MapResult {
        "New": Location {
          "Order": 0,
          "Package": "new",
          "Path": "lib/package/new/mapping.ts",
          "Repo": "new",
          "toString": [Function],
        },
        "OldName": "lib/mapping.ts",
        "isMapped": [Function],
        "isUnmapped": [Function],
        "toString": [Function],
      },
      "dependencyMap": Array [],
    },
    Object {
      "Name": MapResult {
        "New": Location {
          "Order": 10,
          "Package": "N/A",
          "Path": "lib/morph.ts",
          "Repo": "ts-morph-split-packages",
          "toString": [Function],
        },
        "OldName": "lib/morph.ts",
        "isMapped": [Function],
        "isUnmapped": [Function],
        "toString": [Function],
      },
      "dependencyMap": Array [
        MapResult {
          "New": Location {
            "Order": 0,
            "Package": "new",
            "Path": "lib/package/new/mapping.ts",
            "Repo": "new",
            "toString": [Function],
          },
          "OldName": "lib/mapping.ts",
          "isMapped": [Function],
          "isUnmapped": [Function],
          "toString": [Function],
        },
      ],
    },
  ],
  "invdepMap": Array [
    Object {
      "Name": MapResult {
        "New": Location {
          "Order": 10,
          "Package": "N/A",
          "Path": "lib/index.ts",
          "Repo": "ts-morph-split-packages",
          "toString": [Function],
        },
        "OldName": "lib/index.ts",
        "isMapped": [Function],
        "isUnmapped": [Function],
        "toString": [Function],
      },
      "dependentMap": Array [
        MapResult {
          "New": Location {
            "Order": 10,
            "Package": "N/A",
            "Path": "lib/__tests__/complexRepo.test.ts",
            "Repo": "ts-morph-split-packages",
            "toString": [Function],
          },
          "OldName": "lib/__tests__/complexRepo.test.ts",
          "isMapped": [Function],
          "isUnmapped": [Function],
          "toString": [Function],
        },
      ],
    },
    Object {
      "Name": MapResult {
        "New": Location {
          "Order": 0,
          "Package": "test_fixtures",
          "Path": "lib/package/test_fixtures/__tests__/test_fixtures.ts",
          "Repo": "test_fixtures",
          "toString": [Function],
        },
        "OldName": "lib/__tests__/test_fixtures.ts",
        "isMapped": [Function],
        "isUnmapped": [Function],
        "toString": [Function],
      },
      "dependentMap": Array [
        MapResult {
          "New": Location {
            "Order": 10,
            "Package": "N/A",
            "Path": "lib/__tests__/git.test.ts",
            "Repo": "ts-morph-split-packages",
            "toString": [Function],
          },
          "OldName": "lib/__tests__/git.test.ts",
          "isMapped": [Function],
          "isUnmapped": [Function],
          "toString": [Function],
        },
        MapResult {
          "New": Location {
            "Order": 10,
            "Package": "N/A",
            "Path": "lib/__tests__/morph.test.ts",
            "Repo": "ts-morph-split-packages",
            "toString": [Function],
          },
          "OldName": "lib/__tests__/morph.test.ts",
          "isMapped": [Function],
          "isUnmapped": [Function],
          "toString": [Function],
        },
        MapResult {
          "New": Location {
            "Order": 10,
            "Package": "N/A",
            "Path": "lib/__tests__/tsMorphSplitPackages.test.ts",
            "Repo": "ts-morph-split-packages",
            "toString": [Function],
          },
          "OldName": "lib/__tests__/tsMorphSplitPackages.test.ts",
          "isMapped": [Function],
          "isUnmapped": [Function],
          "toString": [Function],
        },
      ],
    },
    Object {
      "Name": MapResult {
        "New": Location {
          "Order": 10,
          "Package": "N/A",
          "Path": "lib/git.ts",
          "Repo": "ts-morph-split-packages",
          "toString": [Function],
        },
        "OldName": "lib/git.ts",
        "isMapped": [Function],
        "isUnmapped": [Function],
        "toString": [Function],
      },
      "dependentMap": Array [
        MapResult {
          "New": Location {
            "Order": 10,
            "Package": "N/A",
            "Path": "lib/__tests__/git.test.ts",
            "Repo": "ts-morph-split-packages",
            "toString": [Function],
          },
          "OldName": "lib/__tests__/git.test.ts",
          "isMapped": [Function],
          "isUnmapped": [Function],
          "toString": [Function],
        },
        MapResult {
          "New": Location {
            "Order": 10,
            "Package": "N/A",
            "Path": "lib/index.ts",
            "Repo": "ts-morph-split-packages",
            "toString": [Function],
          },
          "OldName": "lib/index.ts",
          "isMapped": [Function],
          "isUnmapped": [Function],
          "toString": [Function],
        },
      ],
    },
    Object {
      "Name": MapResult {
        "New": Location {
          "Order": 0,
          "Package": "new",
          "Path": "lib/package/new/mapping.ts",
          "Repo": "new",
          "toString": [Function],
        },
        "OldName": "lib/mapping.ts",
        "isMapped": [Function],
        "isUnmapped": [Function],
        "toString": [Function],
      },
      "dependentMap": Array [
        MapResult {
          "New": Location {
            "Order": 10,
            "Package": "N/A",
            "Path": "lib/__tests__/git.test.ts",
            "Repo": "ts-morph-split-packages",
            "toString": [Function],
          },
          "OldName": "lib/__tests__/git.test.ts",
          "isMapped": [Function],
          "isUnmapped": [Function],
          "toString": [Function],
        },
        MapResult {
          "New": Location {
            "Order": 10,
            "Package": "N/A",
            "Path": "lib/__tests__/morph.test.ts",
            "Repo": "ts-morph-split-packages",
            "toString": [Function],
          },
          "OldName": "lib/__tests__/morph.test.ts",
          "isMapped": [Function],
          "isUnmapped": [Function],
          "toString": [Function],
        },
        MapResult {
          "New": Location {
            "Order": 10,
            "Package": "N/A",
            "Path": "lib/git.ts",
            "Repo": "ts-morph-split-packages",
            "toString": [Function],
          },
          "OldName": "lib/git.ts",
          "isMapped": [Function],
          "isUnmapped": [Function],
          "toString": [Function],
        },
        MapResult {
          "New": Location {
            "Order": 10,
            "Package": "N/A",
            "Path": "lib/index.ts",
            "Repo": "ts-morph-split-packages",
            "toString": [Function],
          },
          "OldName": "lib/index.ts",
          "isMapped": [Function],
          "isUnmapped": [Function],
          "toString": [Function],
        },
        MapResult {
          "New": Location {
            "Order": 10,
            "Package": "N/A",
            "Path": "lib/morph.ts",
            "Repo": "ts-morph-split-packages",
            "toString": [Function],
          },
          "OldName": "lib/morph.ts",
          "isMapped": [Function],
          "isUnmapped": [Function],
          "toString": [Function],
        },
      ],
    },
    Object {
      "Name": MapResult {
        "New": Location {
          "Order": 10,
          "Package": "N/A",
          "Path": "lib/morph.ts",
          "Repo": "ts-morph-split-packages",
          "toString": [Function],
        },
        "OldName": "lib/morph.ts",
        "isMapped": [Function],
        "isUnmapped": [Function],
        "toString": [Function],
      },
      "dependentMap": Array [
        MapResult {
          "New": Location {
            "Order": 10,
            "Package": "N/A",
            "Path": "lib/__tests__/morph.test.ts",
            "Repo": "ts-morph-split-packages",
            "toString": [Function],
          },
          "OldName": "lib/__tests__/morph.test.ts",
          "isMapped": [Function],
          "isUnmapped": [Function],
          "toString": [Function],
        },
        MapResult {
          "New": Location {
            "Order": 10,
            "Package": "N/A",
            "Path": "lib/index.ts",
            "Repo": "ts-morph-split-packages",
            "toString": [Function],
          },
          "OldName": "lib/index.ts",
          "isMapped": [Function],
          "isUnmapped": [Function],
          "toString": [Function],
        },
      ],
    },
  ],
}
`;
